// Jest Snapshot v1, https://goo.gl/fbAQLP

exports[`CityMap renders correctly 1`] = `
<section
  className="cities__map map"
  id="map"
/>
`;
