// Jest Snapshot v1, https://goo.gl/fbAQLP

exports[`DetailOffer renders correctly 1`] = `
<div
  className="page"
>
  <main
    className="page__main page__main--property"
  >
    <section
      className="property"
    >
      <Gallery
        images={
          Array [
            "house.jpg",
            "house2.jpg",
          ]
        }
        maxCount={6}
      />
      <div
        className="property__container container"
      >
        <div
          className="property__wrapper"
        >
          <div
            className="property__name-wrapper"
          >
            <h1
              className="property__name"
            >
              Hotel
            </h1>
          </div>
          <withRouter(withProps)
            className="property"
            height="33"
            id={24}
            isFavorite={false}
            width="31"
          />
          <Rating
            className="property"
            rating={4.6}
          >
            <span
              className="property__rating-value rating__value"
            >
              4.6
            </span>
          </Rating>
          <Features
            bedrooms={3}
            maxAdults={2}
          />
          <Price
            className="property__price"
            price={120}
            text="Â night"
          />
          <Inside
            items={
              Array [
                "Breakfast",
                "Towels",
              ]
            }
            title="What's inside"
          />
          <Host
            host={
              Object {
                "avatarUrl": "bob's-avarar.jpg",
                "description": "The best host in the world",
                "isPro": false,
                "name": "Bob",
              }
            }
          />
          <Reviews
            comments={
              Array [
                Object {
                  "comment": "Nice place",
                  "date": "2019-06-10T02:34:08.739Z",
                  "id": 1,
                  "rating": 5,
                  "user": Object {
                    "avatarUrl": "tina-avatar.jpg",
                    "name": "Tina",
                  },
                },
              ]
            }
            id={24}
            isLoggedIn={false}
            maxCount={10}
          />
        </div>
      </div>
      <CityMap
        className="property__map"
        hasSelectedItem={true}
        items={
          Array [
            Object {
              "bedrooms": 3,
              "goods": Array [
                "Breakfast",
                "Towels",
              ],
              "host": Object {
                "avatarUrl": "bob's-avarar.jpg",
                "description": "The best host in the world",
                "isPro": false,
                "name": "Bob",
              },
              "id": 24,
              "images": Array [
                "house.jpg",
                "house2.jpg",
              ],
              "isFavorite": false,
              "maxAdults": 2,
              "price": 120,
              "rating": 4.6,
              "title": "Hotel",
            },
            Object {
              "bedrooms": 3,
              "goods": Array [
                "Breakfast",
                "Towels",
              ],
              "host": Object {
                "avatarUrl": "bob's-avarar.jpg",
                "description": "The best host in the world",
                "isPro": false,
                "name": "Bob",
              },
              "id": 24,
              "images": Array [
                "house.jpg",
                "house2.jpg",
              ],
              "isFavorite": false,
              "maxAdults": 2,
              "price": 120,
              "rating": 4.6,
              "title": "Hotel",
            },
          ]
        }
      />
    </section>
    <div
      className="container"
    >
      <section
        className="near-places places"
      >
        <h2
          className="near-places__title"
        >
          Other places in the neighbourhood
        </h2>
        <PlacesList
          className="near-places__list"
          onImageClick={[Function]}
          places={
            Array [
              Object {
                "bedrooms": 3,
                "goods": Array [
                  "Breakfast",
                  "Towels",
                ],
                "host": Object {
                  "avatarUrl": "bob's-avarar.jpg",
                  "description": "The best host in the world",
                  "isPro": false,
                  "name": "Bob",
                },
                "id": 24,
                "images": Array [
                  "house.jpg",
                  "house2.jpg",
                ],
                "isFavorite": false,
                "maxAdults": 2,
                "price": 120,
                "rating": 4.6,
                "title": "Hotel",
              },
            ]
          }
        />
      </section>
    </div>
  </main>
</div>
`;
