// Jest Snapshot v1, https://goo.gl/fbAQLP

exports[`Select renders correctly 1`] = `
<ul
  className="places__options places__options--custom places__options--opened"
>
  <li
    className="places__option "
    onClick={[Function]}
    tabIndex={0}
  >
    Popular
  </li>
  <li
    className="places__option "
    onClick={[Function]}
    tabIndex={1}
  >
    Price: low to high
  </li>
  <li
    className="places__option "
    onClick={[Function]}
    tabIndex={2}
  >
    Price: high to low
  </li>
  <li
    className="places__option places__option--active"
    onClick={[Function]}
    tabIndex={3}
  >
    Top rated first
  </li>
</ul>
`;
