// Jest Snapshot v1, https://goo.gl/fbAQLP

exports[`ErrorMessage renders correctly 1`] = `
<span
  className="error error__validation"
>
  You failed
</span>
`;
