// Jest Snapshot v1, https://goo.gl/fbAQLP

exports[`PlacesList renders correctly with props 1`] = `
<div
  className="cities__places-list places__list tabs__content"
>
  <article
    className="cities__place-card  place-card"
  >
    <div
      className="cities__image-wrapper place-card__image-wrapper"
    >
      <a
        href="#"
        onClick={[Function]}
      >
        <img
          alt="Place image"
          className="place-card__image"
          height="200"
          width="260"
        />
      </a>
    </div>
    <div
      className="place-card__info"
    >
      <div
        className="place-card__price-wrapper"
      >
        <div
          className="place-card__price"
        >
          <b
            className="place-card__price-value"
          >
            €
            132
          </b>
          <span
            className="place-card__price-text"
          >
            / night
          </span>
        </div>
        <button
          className="place-card__bookmark-button  button"
          type="button"
        >
          <svg
            className="place-card__bookmark-icon"
            height="19"
            width="18"
          >
            <use
              xlinkHref="#icon-bookmark"
            />
          </svg>
          <span
            className="visually-hidden"
          >
            To bookmarks
          </span>
        </button>
      </div>
      <div
        className="place-card__rating rating"
      >
        <div
          className="place-card__stars rating__stars"
        >
          <span
            style={
              Object {
                "width": "0%",
              }
            }
          />
          <span
            className="visually-hidden"
          >
            Rating
          </span>
        </div>
      </div>
      <h2
        className="place-card__name"
      >
        <a
          href="/1"
          onClick={[Function]}
        >
          Canal View Prinsengracht
        </a>
      </h2>
      <p
        className="place-card__type"
      />
    </div>
  </article>
  <article
    className="cities__place-card  place-card"
  >
    <div
      className="cities__image-wrapper place-card__image-wrapper"
    >
      <a
        href="#"
        onClick={[Function]}
      >
        <img
          alt="Place image"
          className="place-card__image"
          height="200"
          width="260"
        />
      </a>
    </div>
    <div
      className="place-card__info"
    >
      <div
        className="place-card__price-wrapper"
      >
        <div
          className="place-card__price"
        >
          <b
            className="place-card__price-value"
          >
            €
            180
          </b>
          <span
            className="place-card__price-text"
          >
            / night
          </span>
        </div>
        <button
          className="place-card__bookmark-button  button"
          type="button"
        >
          <svg
            className="place-card__bookmark-icon"
            height="19"
            width="18"
          >
            <use
              xlinkHref="#icon-bookmark"
            />
          </svg>
          <span
            className="visually-hidden"
          >
            To bookmarks
          </span>
        </button>
      </div>
      <div
        className="place-card__rating rating"
      >
        <div
          className="place-card__stars rating__stars"
        >
          <span
            style={
              Object {
                "width": "0%",
              }
            }
          />
          <span
            className="visually-hidden"
          >
            Rating
          </span>
        </div>
      </div>
      <h2
        className="place-card__name"
      >
        <a
          href="/2"
          onClick={[Function]}
        >
          Nice, cozy, warm big bed apartment
        </a>
      </h2>
      <p
        className="place-card__type"
      />
    </div>
  </article>
</div>
`;

exports[`PlacesList renders correctly without props 1`] = `
<div
  className="cities__places-list places__list tabs__content"
/>
`;
